
> quizmon@1.0.0 test
> node --experimental-vm-modules node_modules/jest/bin/jest.js

node.exe : (node:24204) ExperimentalWarning: VM Modules is an experimental feature and might change at any time
At line:1 char:1
+ & "C:\Program Files\nodejs/node.exe" "C:\Users\ASUS\AppData\Roaming\n ...
+ ~~~~~~~~~~~~~~~~~~~~~~~~~~~~~~~~~~~~~~~~~~~~~~~~~~~~~~~~~~~~~~~~~~~~~
    + CategoryInfo          : NotSpecified: ((node:24204) Ex...nge at any time:String) [], RemoteException
    + FullyQualifiedErrorId : NativeCommandError
 
(Use `node --trace-warnings ...` to show where the warning was created)
(node:26412) ExperimentalWarning: VM Modules is an experimental feature and might change at any time
(Use `node --trace-warnings ...` to show where the warning was created)
(node:9748) ExperimentalWarning: VM Modules is an experimental feature and might change at any time
(Use `node --trace-warnings ...` to show where the warning was created)
(node:24452) ExperimentalWarning: VM Modules is an experimental feature and might change at any time
(Use `node --trace-warnings ...` to show where the warning was created)
PASS src/__tests__/quizRoutes.test.ts
  ΓùÅ Console

    console.log
      [PaymentGateway] Registered gateways: MOMO

      at src/services/gateways/index.ts:19:9

PASS src/__tests__/userRoutes.test.ts
  ΓùÅ Console

    console.log
      [PaymentGateway] Registered gateways: MOMO

      at src/services/gateways/index.ts:19:9

(node:27108) ExperimentalWarning: VM Modules is an experimental feature and might change at any time
(Use `node --trace-warnings ...` to show where the warning was created)
PASS src/__tests__/classroomRoutes.test.ts
  ΓùÅ Console

    console.log
      [PaymentGateway] Registered gateways: MOMO

      at src/services/gateways/index.ts:19:9

(node:20124) ExperimentalWarning: VM Modules is an experimental feature and might change at any time
(Use `node --trace-warnings ...` to show where the warning was created)
(node:17012) ExperimentalWarning: VM Modules is an experimental feature and might change at any time
(Use `node --trace-warnings ...` to show where the warning was created)
(node:27100) ExperimentalWarning: VM Modules is an experimental feature and might change at any time
(Use `node --trace-warnings ...` to show where the warning was created)
FAIL src/__tests__/categoryRoutes.test.ts
  ΓùÅ Console

    console.log
      [PaymentGateway] Registered gateways: MOMO

      at src/services/gateways/index.ts:19:9

  ΓùÅ Category Routes ΓÇ║ GET /category/:id/quiz ΓÇ║ should get quizzes by category

    expect(received).toBe(expected) // Object.is equality

    Expected: 200
    Received: 400

    [0m [90m 72 |[39m             [36mconst[39m response [33m=[39m [36mawait[39m 
request(app)[33m.[39m[36mget[39m([32m'/category/1/quiz'[39m)[33m;[39m
     [90m 73 |[39m
    [31m[1m>[22m[39m[90m 74 |[39m             
expect(response[33m.[39mstatus)[33m.[39mtoBe([35m200[39m)[33m;[39m
     [90m    |[39m                                     [31m[1m^[22m[39m
     [90m 75 |[39m             
expect([33mArray[39m[33m.[39misArray(response[33m.[39mbody))[33m.[39mtoBe([36mtrue[39m)[33m;[39m
     [90m 76 |[39m             
expect(response[33m.[39mbody[33m.[39mlength)[33m.[39mtoBe([35m1[39m)[33m;[39m
     [90m 77 |[39m         })[33m;[39m[0m

      at Object.<anonymous> (src/__tests__/categoryRoutes.test.ts:74:37)

(node:12804) ExperimentalWarning: VM Modules is an experimental feature and might change at any time
(Use `node --trace-warnings ...` to show where the warning was created)
(node:17632) ExperimentalWarning: VM Modules is an experimental feature and might change at any time
(Use `node --trace-warnings ...` to show where the warning was created)
PASS src/__tests__/authRoutes.test.ts
  ΓùÅ Console

    console.log
      [PaymentGateway] Registered gateways: MOMO

      at src/services/gateways/index.ts:19:9

(node:8060) ExperimentalWarning: VM Modules is an experimental feature and might change at any time
(Use `node --trace-warnings ...` to show where the warning was created)
PASS src/__tests__/ratingRoutes.test.ts
  ΓùÅ Console

    console.log
      [PaymentGateway] Registered gateways: MOMO

      at src/services/gateways/index.ts:19:9

PASS src/__tests__/notificationRoutes.test.ts
  ΓùÅ Console

    console.log
      [PaymentGateway] Registered gateways: MOMO

      at src/services/gateways/index.ts:19:9

FAIL src/__tests__/questionRoutes.test.ts
  ΓùÅ Console

    console.log
      [PaymentGateway] Registered gateways: MOMO

      at src/services/gateways/index.ts:19:9

  ΓùÅ Question Routes ΓÇ║ POST /question/buttons ΓÇ║ should create a button question

    expect(received).toBe(expected) // Object.is equality

    Expected: 201
    Received: 403

    [0m [90m 59 |[39m                 [33m.[39msend({ quizId[33m:[39m [32m'1'[39m[33m,[39m text[33m:[39m 
[32m'Test?'[39m[33m,[39m options[33m:[39m [33mJSON[39m[33m.[39mstringify([{ text[33m:[39m [32m'A'[39m 
}]) })[33m;[39m
     [90m 60 |[39m
    [31m[1m>[22m[39m[90m 61 |[39m             
expect(response[33m.[39mstatus)[33m.[39mtoBe([35m201[39m)[33m;[39m
     [90m    |[39m                                     [31m[1m^[22m[39m
     [90m 62 |[39m             expect(response[33m.[39mbody[33m.[39mtext)[33m.[39mtoBe([32m'Test 
Question'[39m)[33m;[39m
     [90m 63 |[39m         })[33m;[39m
     [90m 64 |[39m     })[33m;[39m[0m

      at Object.<anonymous> (src/__tests__/questionRoutes.test.ts:61:37)

  ΓùÅ Question Routes ΓÇ║ PUT /question/buttons/:id ΓÇ║ should update a button question

    expect(received).toBe(expected) // Object.is equality

    Expected: 200
    Received: 404

    [0m [90m 70 |[39m                 [33m.[39msend({ quizId[33m:[39m [32m'1'[39m[33m,[39m text[33m:[39m 
[32m'Update?'[39m[33m,[39m options[33m:[39m [33mJSON[39m[33m.[39mstringify([{ text[33m:[39m [32m'A'[39m 
}]) })[33m;[39m
     [90m 71 |[39m
    [31m[1m>[22m[39m[90m 72 |[39m             
expect(response[33m.[39mstatus)[33m.[39mtoBe([35m200[39m)[33m;[39m
     [90m    |[39m                                     [31m[1m^[22m[39m
     [90m 73 |[39m             expect(response[33m.[39mbody[33m.[39mtext)[33m.[39mtoBe([32m'Updated 
Question'[39m)[33m;[39m
     [90m 74 |[39m         })[33m;[39m
     [90m 75 |[39m     })[33m;[39m[0m

      at Object.<anonymous> (src/__tests__/questionRoutes.test.ts:72:37)

  ΓùÅ Question Routes ΓÇ║ POST /question/checkboxes ΓÇ║ should create a checkbox question

    expect(received).toBe(expected) // Object.is equality

    Expected: 201
    Received: 403

    [0m [90m 81 |[39m                 [33m.[39msend({ quizId[33m:[39m [32m'1'[39m[33m,[39m text[33m:[39m 
[32m'Test?'[39m[33m,[39m options[33m:[39m [33mJSON[39m[33m.[39mstringify([{ text[33m:[39m [32m'A'[39m 
}]) })[33m;[39m
     [90m 82 |[39m
    [31m[1m>[22m[39m[90m 83 |[39m             
expect(response[33m.[39mstatus)[33m.[39mtoBe([35m201[39m)[33m;[39m
     [90m    |[39m                                     [31m[1m^[22m[39m
     [90m 84 |[39m         })[33m;[39m
     [90m 85 |[39m     })[33m;[39m
     [90m 86 |[39m[0m

      at Object.<anonymous> (src/__tests__/questionRoutes.test.ts:83:37)

  ΓùÅ Question Routes ΓÇ║ PUT /question/checkboxes/:id ΓÇ║ should update a checkbox question

    expect(received).toBe(expected) // Object.is equality

    Expected: 200
    Received: 404

    [0m [90m 91 |[39m                 [33m.[39msend({ quizId[33m:[39m [32m'1'[39m[33m,[39m text[33m:[39m 
[32m'Test?'[39m[33m,[39m options[33m:[39m [33mJSON[39m[33m.[39mstringify([{ text[33m:[39m [32m'A'[39m 
}]) })[33m;[39m
     [90m 92 |[39m
    [31m[1m>[22m[39m[90m 93 |[39m             
expect(response[33m.[39mstatus)[33m.[39mtoBe([35m200[39m)[33m;[39m
     [90m    |[39m                                     [31m[1m^[22m[39m
     [90m 94 |[39m         })[33m;[39m
     [90m 95 |[39m     })[33m;[39m
     [90m 96 |[39m[0m

      at Object.<anonymous> (src/__tests__/questionRoutes.test.ts:93:37)

  ΓùÅ Question Routes ΓÇ║ POST /question/reorder ΓÇ║ should create a reorder question

    expect(received).toBe(expected) // Object.is equality

    Expected: 201
    Received: 403

    [0m [90m 101 |[39m                 [33m.[39msend({ quizId[33m:[39m [32m'1'[39m[33m,[39m text[33m:[39m 
[32m'Test?'[39m[33m,[39m options[33m:[39m [33mJSON[39m[33m.[39mstringify([{ text[33m:[39m [32m'A'[39m 
}]) })[33m;[39m
     [90m 102 |[39m
    [31m[1m>[22m[39m[90m 103 |[39m             
expect(response[33m.[39mstatus)[33m.[39mtoBe([35m201[39m)[33m;[39m
     [90m     |[39m                                     [31m[1m^[22m[39m
     [90m 104 |[39m         })[33m;[39m
     [90m 105 |[39m     })[33m;[39m
     [90m 106 |[39m[0m

      at Object.<anonymous> (src/__tests__/questionRoutes.test.ts:103:37)

  ΓùÅ Question Routes ΓÇ║ PUT /question/reorder/:id ΓÇ║ should update a reorder question

    expect(received).toBe(expected) // Object.is equality

    Expected: 200
    Received: 404

    [0m [90m 111 |[39m                 [33m.[39msend({ quizId[33m:[39m [32m'1'[39m[33m,[39m text[33m:[39m 
[32m'Test?'[39m[33m,[39m options[33m:[39m [33mJSON[39m[33m.[39mstringify([{ text[33m:[39m [32m'A'[39m 
}]) })[33m;[39m
     [90m 112 |[39m
    [31m[1m>[22m[39m[90m 113 |[39m             
expect(response[33m.[39mstatus)[33m.[39mtoBe([35m200[39m)[33m;[39m
     [90m     |[39m                                     [31m[1m^[22m[39m
     [90m 114 |[39m         })[33m;[39m
     [90m 115 |[39m     })[33m;[39m
     [90m 116 |[39m[0m

      at Object.<anonymous> (src/__tests__/questionRoutes.test.ts:113:37)

  ΓùÅ Question Routes ΓÇ║ POST /question/location ΓÇ║ should create a location question

    expect(received).toBe(expected) // Object.is equality

    Expected: 201
    Received: 403

    [0m [90m 121 |[39m                 [33m.[39msend({ quizId[33m:[39m [32m'1'[39m[33m,[39m text[33m:[39m 
[32m'Test?'[39m[33m,[39m correctLatitude[33m:[39m [32m'10'[39m[33m,[39m correctLongitude[33m:[39m 
[32m'20'[39m })[33m;[39m
     [90m 122 |[39m
    [31m[1m>[22m[39m[90m 123 |[39m             
expect(response[33m.[39mstatus)[33m.[39mtoBe([35m201[39m)[33m;[39m
     [90m     |[39m                                     [31m[1m^[22m[39m
     [90m 124 |[39m         })[33m;[39m
     [90m 125 |[39m     })[33m;[39m
     [90m 126 |[39m[0m

      at Object.<anonymous> (src/__tests__/questionRoutes.test.ts:123:37)

  ΓùÅ Question Routes ΓÇ║ PUT /question/location/:id ΓÇ║ should update a location question

    expect(received).toBe(expected) // Object.is equality

    Expected: 200
    Received: 404

    [0m [90m 131 |[39m                 [33m.[39msend({ quizId[33m:[39m [32m'1'[39m[33m,[39m text[33m:[39m 
[32m'Test?'[39m[33m,[39m correctLatitude[33m:[39m [32m'10'[39m[33m,[39m correctLongitude[33m:[39m 
[32m'20'[39m })[33m;[39m
     [90m 132 |[39m
    [31m[1m>[22m[39m[90m 133 |[39m             
expect(response[33m.[39mstatus)[33m.[39mtoBe([35m200[39m)[33m;[39m
     [90m     |[39m                                     [31m[1m^[22m[39m
     [90m 134 |[39m         })[33m;[39m
     [90m 135 |[39m     })[33m;[39m
     [90m 136 |[39m[0m

      at Object.<anonymous> (src/__tests__/questionRoutes.test.ts:133:37)

  ΓùÅ Question Routes ΓÇ║ POST /question/typeanswer ΓÇ║ should create a type answer question

    expect(received).toBe(expected) // Object.is equality

    Expected: 201
    Received: 403

    [0m [90m 141 |[39m                 [33m.[39msend({ quizId[33m:[39m [32m'1'[39m[33m,[39m text[33m:[39m 
[32m'Test?'[39m[33m,[39m correctAnswer[33m:[39m [32m'Answer'[39m })[33m;[39m
     [90m 142 |[39m
    [31m[1m>[22m[39m[90m 143 |[39m             
expect(response[33m.[39mstatus)[33m.[39mtoBe([35m201[39m)[33m;[39m
     [90m     |[39m                                     [31m[1m^[22m[39m
     [90m 144 |[39m         })[33m;[39m
     [90m 145 |[39m     })[33m;[39m
     [90m 146 |[39m[0m

      at Object.<anonymous> (src/__tests__/questionRoutes.test.ts:143:37)

  ΓùÅ Question Routes ΓÇ║ PUT /question/typeanswer/:id ΓÇ║ should update a type answer question

    expect(received).toBe(expected) // Object.is equality

    Expected: 200
    Received: 404

    [0m [90m 151 |[39m                 [33m.[39msend({ quizId[33m:[39m [32m'1'[39m[33m,[39m text[33m:[39m 
[32m'Test?'[39m[33m,[39m correctAnswer[33m:[39m [32m'Answer'[39m })[33m;[39m
     [90m 152 |[39m
    [31m[1m>[22m[39m[90m 153 |[39m             
expect(response[33m.[39mstatus)[33m.[39mtoBe([35m200[39m)[33m;[39m
     [90m     |[39m                                     [31m[1m^[22m[39m
     [90m 154 |[39m         })[33m;[39m
     [90m 155 |[39m     })[33m;[39m
     [90m 156 |[39m[0m

      at Object.<anonymous> (src/__tests__/questionRoutes.test.ts:153:37)

  ΓùÅ Question Routes ΓÇ║ GET /question/:id ΓÇ║ should retrieve a question

    expect(received).toBe(expected) // Object.is equality

    Expected: 200
    Received: 404

    [0m [90m 162 |[39m             [36mconst[39m response [33m=[39m [36mawait[39m 
request(app)[33m.[39m[36mget[39m([32m'/question/1'[39m)[33m;[39m
     [90m 163 |[39m
    [31m[1m>[22m[39m[90m 164 |[39m             
expect(response[33m.[39mstatus)[33m.[39mtoBe([35m200[39m)[33m;[39m
     [90m     |[39m                                     [31m[1m^[22m[39m
     [90m 165 |[39m             
expect(response[33m.[39mbody[[35m0[39m][33m.[39mtext)[33m.[39mtoBe([32m'TestQuestion'[39m)[33m;[39m
     [90m 166 |[39m         })[33m;[39m
     [90m 167 |[39m     })[33m;[39m[0m

      at Object.<anonymous> (src/__tests__/questionRoutes.test.ts:164:37)

FAIL src/__tests__/matchRoutes.test.ts
  ΓùÅ Console

    console.log
      [PaymentGateway] Registered gateways: MOMO

      at src/services/gateways/index.ts:19:9

  ΓùÅ Match Routes ΓÇ║ POST /match ΓÇ║ should create a new match

    expect(received).toBe(expected) // Object.is equality

    Expected: 201
    Received: 404

    [0m [90m 72 |[39m                 [33m.[39msend({ quizId[33m:[39m [35m1[39m[33m,[39m 
timePerQuestion[33m:[39m [35m30[39m })[33m;[39m
     [90m 73 |[39m
    [31m[1m>[22m[39m[90m 74 |[39m             
expect(response[33m.[39mstatus)[33m.[39mtoBe([35m201[39m)[33m;[39m
     [90m    |[39m                                     [31m[1m^[22m[39m
     [90m 75 |[39m             
expect(response[33m.[39mbody[33m.[39mquizId)[33m.[39mtoBe([35m1[39m)[33m;[39m
     [90m 76 |[39m         })[33m;[39m
     [90m 77 |[39m     })[33m;[39m[0m

      at Object.<anonymous> (src/__tests__/matchRoutes.test.ts:74:37)

  ΓùÅ Match Routes ΓÇ║ GET /match/:id ΓÇ║ should get a match by ID

    expect(received).toBe(expected) // Object.is equality

    Expected: 200
    Received: 404

    [0m [90m 84 |[39m             [36mconst[39m response [33m=[39m [36mawait[39m 
request(app)[33m.[39m[36mget[39m([32m'/match/1'[39m)[33m;[39m
     [90m 85 |[39m
    [31m[1m>[22m[39m[90m 86 |[39m             
expect(response[33m.[39mstatus)[33m.[39mtoBe([35m200[39m)[33m;[39m
     [90m    |[39m                                     [31m[1m^[22m[39m
     [90m 87 |[39m             expect(response[33m.[39mbody[33m.[39mid)[33m.[39mtoBe([35m1[39m)[33m;[39m
     [90m 88 |[39m         })[33m;[39m
     [90m 89 |[39m     })[33m;[39m[0m

      at Object.<anonymous> (src/__tests__/matchRoutes.test.ts:86:37)

  ΓùÅ Match Routes ΓÇ║ PUT /match/:id ΓÇ║ should update a match

    expect(received).toBe(expected) // Object.is equality

    Expected: 200
    Received: 403

    [0m [90m  98 |[39m                 [33m.[39msend({ timePerQuestion[33m:[39m [35m45[39m })[33m;[39m
     [90m  99 |[39m
    [31m[1m>[22m[39m[90m 100 |[39m             
expect(response[33m.[39mstatus)[33m.[39mtoBe([35m200[39m)[33m;[39m
     [90m     |[39m                                     [31m[1m^[22m[39m
     [90m 101 |[39m             
expect(response[33m.[39mbody[33m.[39mtimePerQuestion)[33m.[39mtoBe([35m45[39m)[33m;[39m
     [90m 102 |[39m         })[33m;[39m
     [90m 103 |[39m     })[33m;[39m[0m

      at Object.<anonymous> (src/__tests__/matchRoutes.test.ts:100:37)

PASS src/__tests__/organizationRoutes.test.ts
  ΓùÅ Console

    console.log
      [PaymentGateway] Registered gateways: MOMO

      at src/services/gateways/index.ts:19:9

PASS src/__tests__/aiRoutes.test.ts
  ΓùÅ Console

    console.log
      [PaymentGateway] Registered gateways: MOMO

      at src/services/gateways/index.ts:19:9

PASS src/__tests__/subscriptionRoutes.test.ts
  ΓùÅ Console

    console.log
      [PaymentGateway] Registered gateways: MOMO

      at src/services/gateways/index.ts:19:9

PASS src/__tests__/reportRoutes.test.ts
  ΓùÅ Console

    console.log
      [PaymentGateway] Registered gateways: MOMO

      at src/services/gateways/index.ts:19:9

PASS src/__tests__/homeworkRoutes.test.ts
  ΓùÅ Console

    console.log
      [PaymentGateway] Registered gateways: MOMO

      at src/services/gateways/index.ts:19:9


<--- Last few GCs --->

[24760:0000026625FBA000]     2159 ms: Scavenge (interleaved) 83.5 (116.5) -> 64.5 (120.7) MB, pooled: 0 MB, 8.60 / 
0.43 ms  (average mu = 0.995, current mu = 0.995) allocation failure; 
[24760:0000026625FBA000]     2432 ms: Scavenge (interleaved) 99.3 (132.6) -> 81.4 (205.4) MB, pooled: 0 MB, 12.48 / 
0.66 ms  (average mu = 0.995, current mu = 0.995) allocation failure; 

FATAL ERROR: Zone Allocation failed - process out of memory
----- Native stack trace -----

 1: 00007FF6FBEEAA39 
 2: 00007FF6FCB2CD07 
 3: 00007FF6FC4A7CC6 
 4: 00007FF6FC068B62 
 5: 00007FF6FD71D5EB 
 6: 00007FF6FD71D0F4 
 7: 00007FF6FD700DDE 
 8: 00007FF6FD6FE0A3 
 9: 00007FF6FD6FA8E8 
10: 00007FF6FD6FA449 
11: 00007FF6FD6F9F04 
12: 00007FF6FD6F9491 
13: 00007FF6FD6F91EF 
14: 00007FF6FD505C26 
15: 00007FF6FD4FE496 
16: 00007FF6FD4FD910 
17: 00007FF6FCAA098F 
18: 00007FF6FCA65A1D 
19: 00007FF6FCA65715 
20: 00007FF6FD2FC29F 
21: 00007FF6FBE3EB4E 
22: 00007FF6FCB82056 
23: 00007FF6FDDC0373 
24: 00007FFEF061E957 
25: 00007FFEF1CE427C 
FAIL src/__tests__/participantRoutes.test.ts
  ΓùÅ Test suite failed to run

    Jest worker ran out of memory and crashed

      at ChildProcessWorker._onExit (node_modules/jest-worker/build/index.js:928:26)

(node:5860) ExperimentalWarning: VM Modules is an experimental feature and might change at any time
(Use `node --trace-warnings ...` to show where the warning was created)
FAIL src/__tests__/answerRoutes.test.ts
  ΓùÅ Console

    console.log
      [PaymentGateway] Registered gateways: MOMO

      at src/services/gateways/index.ts:19:9

  ΓùÅ Answer Routes ΓÇ║ POST /match/:matchId/answers ΓÇ║ should submit an answer successfully

    expect(received).toBe(expected) // Object.is equality

    Expected: 201
    Received: 404

    [0m [90m 77 |[39m                 })[33m;[39m
     [90m 78 |[39m
    [31m[1m>[22m[39m[90m 79 |[39m             
expect(response[33m.[39mstatus)[33m.[39mtoBe([35m201[39m)[33m;[39m
     [90m    |[39m                                     [31m[1m^[22m[39m
     [90m 80 |[39m             
expect(response[33m.[39mbody[33m.[39mquestionId)[33m.[39mtoBe([35m1[39m)[33m;[39m
     [90m 81 |[39m             
expect(prismaMock[33m.[39mmatchAnswer[33m.[39mcreate)[33m.[39mtoHaveBeenCalledTimes([35m1[39m)[33m;[39m
     [90m 82 |[39m         })[33m;[39m[0m

      at Object.<anonymous> (src/__tests__/answerRoutes.test.ts:79:37)

  ΓùÅ Answer Routes ΓÇ║ GET /match/:matchId/answers ΓÇ║ should get match answers summary

    expect(received).toBe(expected) // Object.is equality

    Expected: 200
    Received: 403

    [0m [90m  97 |[39m             [36mconst[39m response [33m=[39m [36mawait[39m 
request(app)[33m.[39m[36mget[39m([32m'/match/1/answers'[39m)[33m;[39m
     [90m  98 |[39m
    [31m[1m>[22m[39m[90m  99 |[39m             
expect(response[33m.[39mstatus)[33m.[39mtoBe([35m200[39m)[33m;[39m
     [90m     |[39m                                     [31m[1m^[22m[39m
     [90m 100 |[39m             
expect(response[33m.[39mbody[33m.[39mstatistics[33m.[39mtotalParticipants)[33m.[39mtoBe([35m1[39m)[33m;[39m
     [90m 101 |[39m             
expect(response[33m.[39mbody[33m.[39mstatistics[33m.[39mtotalQuestions)[33m.[39mtoBe([35m1[39m)[33m;[39m
     [90m 102 |[39m         })[33m;[39m[0m

      at Object.<anonymous> (src/__tests__/answerRoutes.test.ts:99:37)

Test Suites: 5 failed, 11 passed, 16 total
Tests:       17 failed, 86 passed, 103 total
Snapshots:   0 total
Time:        9.102 s
Ran all test suites.
