
> quizmon@1.0.0 test
> node --experimental-vm-modules node_modules/jest/bin/jest.js

node.exe : (node:21644) 
ExperimentalWarning: VM Modules is an 
experimental feature and might change at 
any time
At line:1 char:1
+ & "C:\Program Files\nodejs/node.exe" 
"C:\Users\ASUS\AppData\Roaming\n ...
+ ~~~~~~~~~~~~~~~~~~~~~~~~~~~~~~~~~~~~~~~~~
~~~~~~~~~~~~~~~~~~~~~~~~~~~~
    + CategoryInfo          : NotSpecified 
   : ((node:21644) Ex...nge at any time:S  
  tring) [], RemoteException
    + FullyQualifiedErrorId : NativeComman 
   dError
 
(Use `node --trace-warnings ...` to show 
where the warning was created)
(node:30168) ExperimentalWarning: VM 
Modules is an experimental feature and 
might change at any time
(Use `node --trace-warnings ...` to show 
where the warning was created)
(node:21360) ExperimentalWarning: VM 
Modules is an experimental feature and 
might change at any time
(Use `node --trace-warnings ...` to show 
where the warning was created)
PASS src/__tests__/userRoutes.test.ts
  ΓùÅ Console

    console.log
      [PaymentGateway] Registered 
gateways: MOMO

      at 
src/services/gateways/index.ts:19:9

(node:13524) ExperimentalWarning: VM 
Modules is an experimental feature and 
might change at any time
(Use `node --trace-warnings ...` to show 
where the warning was created)
(node:28540) ExperimentalWarning: VM 
Modules is an experimental feature and 
might change at any time
(Use `node --trace-warnings ...` to show 
where the warning was created)
(node:15644) ExperimentalWarning: VM 
Modules is an experimental feature and 
might change at any time
(Use `node --trace-warnings ...` to show 
where the warning was created)
(node:14092) ExperimentalWarning: VM 
Modules is an experimental feature and 
might change at any time
(Use `node --trace-warnings ...` to show 
where the warning was created)
PASS src/__tests__/homeworkRoutes.test.ts
  ΓùÅ Console

    console.log
      [PaymentGateway] Registered 
gateways: MOMO

      at 
src/services/gateways/index.ts:19:9

(node:24972) ExperimentalWarning: VM 
Modules is an experimental feature and 
might change at any time
(Use `node --trace-warnings ...` to show 
where the warning was created)
(node:8240) ExperimentalWarning: VM 
Modules is an experimental feature and 
might change at any time
(Use `node --trace-warnings ...` to show 
where the warning was created)
(node:25076) ExperimentalWarning: VM 
Modules is an experimental feature and 
might change at any time
(Use `node --trace-warnings ...` to show 
where the warning was created)
PASS src/__tests__/authRoutes.test.ts
  ΓùÅ Console

    console.log
      [PaymentGateway] Registered 
gateways: MOMO

      at 
src/services/gateways/index.ts:19:9

FAIL src/__tests__/aiRoutes.test.ts
  ΓùÅ Console

    console.log
      [PaymentGateway] Registered 
gateways: MOMO

      at 
src/services/gateways/index.ts:19:9

  ΓùÅ AI Routes ΓÇ║ POST /ai/jobs ΓÇ║ 
should create a job and trigger generation 
successfully

    expect(received).toBe(expected) // 
Object.is equality

    Expected: 201
    Received: 403

    [0m [90m 108 |[39m                 
})[33m;[39m
     [90m 109 |[39m
    [31m[1m>[22m[39m[90m 110 |[39m   
          expect(response[33m.[39mstatus)
[33m.[39mtoBe([35m201[39m)[33m;[39m
     [90m     |[39m                      
               [31m[1m^[22m[39m
     [90m 111 |[39m             expect(re
sponse[33m.[39mbody[33m.[39mstatus)[33
m.[39mtoBe([33mAIGenerationStatus[39m[3
3m.[39m[33mCOMPLETED[39m)[33m;[39m
     [90m 112 |[39m             expect(ai
Service[33m.[39mgenerateQuestions)[33m.
[39mtoHaveBeenCalledTimes([35m1[39m)[33m
;[39m
     [90m 113 |[39m         
})[33m;[39m[0m

      at Object.<anonymous> 
(src/__tests__/aiRoutes.test.ts:110:37)

FAIL src/__tests__/classroomRoutes.test.ts
  ΓùÅ Console

    console.log
      [PaymentGateway] Registered 
gateways: MOMO

      at 
src/services/gateways/index.ts:19:9

  ΓùÅ Classroom Routes ΓÇ║ POST 
/classrooms ΓÇ║ should create a classroom

    expect(received).toBe(expected) // 
Object.is equality

    Expected: 201
    Received: 403

    [0m [90m 37 |[39m                 
[33m.[39msend({ name[33m:[39m 
[32m'Math 101'[39m[33m,[39m 
description[33m:[39m [32m'Basic 
math'[39m })[33m;[39m
     [90m 38 |[39m
    [31m[1m>[22m[39m[90m 39 |[39m    
         expect(response[33m.[39mstatus)
[33m.[39mtoBe([35m201[39m)[33m;[39m
     [90m    |[39m                       
              [31m[1m^[22m[39m
     [90m 40 |[39m             expect(res
ponse[33m.[39mbody[33m.[39mname)[33m.
[39mtoBe([32m'Math 101'[39m)[33m;[39m
     [90m 41 |[39m         })[33m;[39m
     [90m 42 |[39m     })[33m;[39m[0m

      at Object.<anonymous> (src/__tests__/
classroomRoutes.test.ts:39:37)

PASS 
src/__tests__/notificationRoutes.test.ts
  ΓùÅ Console

    console.log
      [PaymentGateway] Registered 
gateways: MOMO

      at 
src/services/gateways/index.ts:19:9

PASS 
src/__tests__/participantRoutes.test.ts
  ΓùÅ Console

    console.log
      [PaymentGateway] Registered 
gateways: MOMO

      at 
src/services/gateways/index.ts:19:9

(node:27024) ExperimentalWarning: VM 
Modules is an experimental feature and 
might change at any time
(Use `node --trace-warnings ...` to show 
where the warning was created)
FAIL src/__tests__/matchRoutes.test.ts
  ΓùÅ Console

    console.log
      [PaymentGateway] Registered 
gateways: MOMO

      at 
src/services/gateways/index.ts:19:9

  ΓùÅ Match Routes ΓÇ║ POST /match ΓÇ║ 
should create a new match

    expect(received).toBe(expected) // 
Object.is equality

    Expected: 201
    Received: 403

    [0m [90m 44 |[39m                 
[33m.[39msend({ quizId[33m:[39m 
[35m1[39m[33m,[39m 
timePerQuestion[33m:[39m [35m30[39m 
})[33m;[39m
     [90m 45 |[39m
    [31m[1m>[22m[39m[90m 46 |[39m    
         expect(response[33m.[39mstatus)
[33m.[39mtoBe([35m201[39m)[33m;[39m
     [90m    |[39m                       
              [31m[1m^[22m[39m
     [90m 47 |[39m             expect(res
ponse[33m.[39mbody[33m.[39mquizId)[33m
.[39mtoBe([35m1[39m)[33m;[39m
     [90m 48 |[39m         })[33m;[39m
     [90m 49 |[39m     })[33m;[39m[0m

      at Object.<anonymous> 
(src/__tests__/matchRoutes.test.ts:46:37)

PASS src/__tests__/reportRoutes.test.ts
  ΓùÅ Console

    console.log
      [PaymentGateway] Registered 
gateways: MOMO

      at 
src/services/gateways/index.ts:19:9

FAIL 
src/__tests__/subscriptionRoutes.test.ts
  ΓùÅ Test suite failed to run

    Configuration error:

    Could not locate module 
../utils/cloudinary.js mapped as:
    $1.

    Please check your configuration for 
these entries:
    {
      "moduleNameMapper": {
        "/^(\.{1,2}\/.*)\.js$/": "$1"
      },
      "resolver": undefined
    }

    [0m [90m 20 |[39m }))[33m;[39m
     [90m 21 |[39m
    [31m[1m>[22m[39m[90m 22 |[39m jes
t[33m.[39munstable_mockModule([32m'../ut
ils/cloudinary.js'[39m[33m,[39m () 
[33m=>[39m ({
     [90m    |[39m      
[31m[1m^[22m[39m
     [90m 23 |[39m     
__esModule[33m:[39m 
[36mtrue[39m[33m,[39m
     [90m 24 |[39m     
[36mdefault[39m[33m:[39m {
     [90m 25 |[39m         
uploader[33m:[39m { 
upload_stream[33m:[39m 
jest[33m.[39mfn() }[33m,[39m[0m

      at createNoMappedModuleFoundError (no
de_modules/jest-resolve/build/index.js:1117
:17)
      at src/__tests__/subscriptionRoutes.t
est.ts:22:6

PASS src/__tests__/questionRoutes.test.ts
  ΓùÅ Console

    console.log
      [PaymentGateway] Registered 
gateways: MOMO

      at 
src/services/gateways/index.ts:19:9

FAIL src/__tests__/quizRoutes.test.ts
  ΓùÅ Test suite failed to run

    Configuration error:

    Could not locate module 
../utils/cloudinary.js mapped as:
    $1.

    Please check your configuration for 
these entries:
    {
      "moduleNameMapper": {
        "/^(\.{1,2}\/.*)\.js$/": "$1"
      },
      "resolver": undefined
    }

    [0m [90m 20 |[39m }))[33m;[39m
     [90m 21 |[39m
    [31m[1m>[22m[39m[90m 22 |[39m jes
t[33m.[39munstable_mockModule([32m'../ut
ils/cloudinary.js'[39m[33m,[39m () 
[33m=>[39m ({
     [90m    |[39m      
[31m[1m^[22m[39m
     [90m 23 |[39m     
__esModule[33m:[39m 
[36mtrue[39m[33m,[39m
     [90m 24 |[39m     
[36mdefault[39m[33m:[39m {
     [90m 25 |[39m         
uploader[33m:[39m {[0m

      at createNoMappedModuleFoundError (no
de_modules/jest-resolve/build/index.js:1117
:17)
      at 
src/__tests__/quizRoutes.test.ts:22:6

PASS src/__tests__/ratingRoutes.test.ts
  ΓùÅ Console

    console.log
      [PaymentGateway] Registered 
gateways: MOMO

      at 
src/services/gateways/index.ts:19:9

FAIL 
src/__tests__/organizationRoutes.test.ts
  ΓùÅ Test suite failed to run

    Configuration error:

    Could not locate module 
../utils/cloudinary.js mapped as:
    $1.

    Please check your configuration for 
these entries:
    {
      "moduleNameMapper": {
        "/^(\.{1,2}\/.*)\.js$/": "$1"
      },
      "resolver": undefined
    }

    [0m [90m 20 |[39m }))[33m;[39m
     [90m 21 |[39m
    [31m[1m>[22m[39m[90m 22 |[39m jes
t[33m.[39munstable_mockModule([32m'../ut
ils/cloudinary.js'[39m[33m,[39m () 
[33m=>[39m ({
     [90m    |[39m      
[31m[1m^[22m[39m
     [90m 23 |[39m     
__esModule[33m:[39m 
[36mtrue[39m[33m,[39m
     [90m 24 |[39m     
[36mdefault[39m[33m:[39m {
     [90m 25 |[39m         
uploader[33m:[39m { 
upload_stream[33m:[39m 
jest[33m.[39mfn() }[33m,[39m[0m

      at createNoMappedModuleFoundError (no
de_modules/jest-resolve/build/index.js:1117
:17)
      at src/__tests__/organizationRoutes.t
est.ts:22:6

PASS src/__tests__/categoryRoutes.test.ts
  ΓùÅ Console

    console.log
      [PaymentGateway] Registered 
gateways: MOMO

      at 
src/services/gateways/index.ts:19:9

PASS src/__tests__/answerRoutes.test.ts
  ΓùÅ Console

    console.log
      [PaymentGateway] Registered 
gateways: MOMO

      at 
src/services/gateways/index.ts:19:9


Test Suites: 6 failed, 10 passed, 16 total
Tests:       3 failed, 58 passed, 61 total
Snapshots:   0 total
Time:        4.868 s
Ran all test suites.
